grouping meshes by content
[graph_dataset] skipped 5174 node(s) with unreadable formats (SolidWorks/docs); 58518 loadable record(s) remain
39909 records with fields from geometry; probing 1600
[31;1m**** ERR StepFile : Undefined Parsing: Line 2: Incorrect syntax: unexpected end of file, expecting STEP    ****[0m
[graph_dataset] unreadable sample skipped: /home/lain_iwakura/Documents/jepa-cad-vm/data/raw_downloads/external/Cubesat-CAD/Electronic Subsystems/Solar Panels/SolarPanel_1.5U.STEP (ValueError: STEP File could not be loaded)
target 'max_stress' in log10, 589 usable samples (410 train / 179 held out, split by file so no mesh is on both sides); 0 placeholder rows dropped

    checkpoint   step      R^2   95% CI on the gain       gain  verdict
   random init      0   0.7078          (reference)    +0.0000
from_killed_run_step200.pt    200   0.6694   [-0.1017, +0.0063]    -0.0410  noise
step_001000.pt   1000   0.6702   [-0.1162, +0.0144]    -0.0410  noise
step_001500.pt   1500   0.7027   [-0.0553, +0.0281]    -0.0062  noise

  3 group splits over one embedded pool (589 samples, 548 distinct meshes):

    step   mean gain       min       max  sign
     200     -0.0097   -0.0293   +0.0104  MIXED
    1000     +0.0119   -0.0093   +0.0395  MIXED
    1500     +0.0239   +0.0057   +0.0533  all +

  Intervals are on the paired difference against random projections, not on each R^2 separately -- both models see the same held-out samples, so the shared variation cancels.

  across training: +0.6694 -> +0.7027 (+0.0333)
  no checkpoint separates from random projections: every interval straddles zero, so this measures a plateau, not a gain

written: artifacts/verification/probe_seeds/seed_7.json
